<!doctype html public "-//w3c//dtd html 4.0 transitional//en">
<html><head>
<title>Static Call Graph - [.\Objects\ljw.axf]</title></head>
<body><HR>
<H1>Static Call Graph for image .\Objects\ljw.axf</H1><HR>
<BR><P>#&#060CALLGRAPH&#062# ARM Linker, 5050106: Last Updated: Wed Sep 05 09:45:23 2018
<BR><P>
<H3>Maximum Stack Usage =         72 bytes + Unknown(Untraceable Function Pointers)</H3><H3>
Call chain for Maximum Stack Depth:</H3>
Reset_Handler &rArr; cal_dis &rArr; __aeabi_dmul
<P>
<H3>
Function Pointers
</H3><UL>
 <LI><a href="#[2]">Reset_Handler</a> from startup.o(MY_CODE) referenced from startup.o(MY_DATA)
 <LI><a href="#[1]">TIM2_IRQHandler</a> from proc.o(MY_CODE) referenced from startup.o(MY_DATA)
</UL>
<P>
<H3>
Global Symbols
</H3>
<P><STRONG><a name="[2]"></a>Reset_Handler</STRONG> (Thumb, 230 bytes, Stack size 0 bytes, startup.o(MY_CODE))
<BR><BR>[Stack]<UL><LI>Max Depth = 72<LI>Call Chain = Reset_Handler &rArr; cal_dis &rArr; __aeabi_dmul
</UL>
<BR>[Calls]<UL><LI><a href="#[1c]">&gt;&gt;</a>&nbsp;&nbsp;&nbsp;cal_dis
<LI><a href="#[19]">&gt;&gt;</a>&nbsp;&nbsp;&nbsp;TIM3_CFG
<LI><a href="#[18]">&gt;&gt;</a>&nbsp;&nbsp;&nbsp;TIM2_CFG
<LI><a href="#[1a]">&gt;&gt;</a>&nbsp;&nbsp;&nbsp;SYSTICK_CLK_SOURCE
<LI><a href="#[15]">&gt;&gt;</a>&nbsp;&nbsp;&nbsp;RCC_CFG
<LI><a href="#[1b]">&gt;&gt;</a>&nbsp;&nbsp;&nbsp;IWDG_CFG
<LI><a href="#[17]">&gt;&gt;</a>&nbsp;&nbsp;&nbsp;IO_CFG
<LI><a href="#[16]">&gt;&gt;</a>&nbsp;&nbsp;&nbsp;CLK_CFG
<LI><a href="#[14]">&gt;&gt;</a>&nbsp;&nbsp;&nbsp;ECHO
<LI><a href="#[13]">&gt;&gt;</a>&nbsp;&nbsp;&nbsp;TRIG_L
<LI><a href="#[12]">&gt;&gt;</a>&nbsp;&nbsp;&nbsp;TRIG_H
<LI><a href="#[11]">&gt;&gt;</a>&nbsp;&nbsp;&nbsp;TURN_LED
<LI><a href="#[9]">&gt;&gt;</a>&nbsp;&nbsp;&nbsp;DELAY_MS
<LI><a href="#[8]">&gt;&gt;</a>&nbsp;&nbsp;&nbsp;DELAY_US
<LI><a href="#[5]">&gt;&gt;</a>&nbsp;&nbsp;&nbsp;UPDATE_SEG_CLRENA
<LI><a href="#[4]">&gt;&gt;</a>&nbsp;&nbsp;&nbsp;UPDATE_SEG_SETENA
</UL>

<P><STRONG><a name="[4]"></a>UPDATE_SEG_SETENA</STRONG> (Thumb, 12 bytes, Stack size 0 bytes, startup.o(MY_CODE))
<BR><BR>[Calls]<UL><LI><a href="#[7]">&gt;&gt;</a>&nbsp;&nbsp;&nbsp;NVIC_SETENA0_EN
</UL>
<BR>[Called By]<UL><LI><a href="#[2]">&gt;&gt;</a>&nbsp;&nbsp;&nbsp;Reset_Handler
</UL>

<P><STRONG><a name="[5]"></a>UPDATE_SEG_CLRENA</STRONG> (Thumb, 12 bytes, Stack size 0 bytes, startup.o(MY_CODE))
<BR><BR>[Calls]<UL><LI><a href="#[6]">&gt;&gt;</a>&nbsp;&nbsp;&nbsp;NVIC_CLREA0_EN
</UL>
<BR>[Called By]<UL><LI><a href="#[2]">&gt;&gt;</a>&nbsp;&nbsp;&nbsp;Reset_Handler
</UL>

<P><STRONG><a name="[6]"></a>NVIC_CLREA0_EN</STRONG> (Thumb, 22 bytes, Stack size 0 bytes, startup.o(MY_CODE))
<BR><BR>[Called By]<UL><LI><a href="#[5]">&gt;&gt;</a>&nbsp;&nbsp;&nbsp;UPDATE_SEG_CLRENA
</UL>

<P><STRONG><a name="[7]"></a>NVIC_SETENA0_EN</STRONG> (Thumb, 22 bytes, Stack size 0 bytes, startup.o(MY_CODE))
<BR><BR>[Called By]<UL><LI><a href="#[4]">&gt;&gt;</a>&nbsp;&nbsp;&nbsp;UPDATE_SEG_SETENA
</UL>

<P><STRONG><a name="[8]"></a>DELAY_US</STRONG> (Thumb, 50 bytes, Stack size 0 bytes, startup.o(MY_CODE))
<BR><BR>[Called By]<UL><LI><a href="#[2]">&gt;&gt;</a>&nbsp;&nbsp;&nbsp;Reset_Handler
</UL>

<P><STRONG><a name="[9]"></a>DELAY_MS</STRONG> (Thumb, 50 bytes, Stack size 0 bytes, startup.o(MY_CODE))
<BR><BR>[Called By]<UL><LI><a href="#[2]">&gt;&gt;</a>&nbsp;&nbsp;&nbsp;Reset_Handler
</UL>

<P><STRONG><a name="[a]"></a>SET_AN</STRONG> (Thumb, 22 bytes, Stack size 0 bytes, startup.o(MY_CODE))
<BR><BR>[Called By]<UL><LI><a href="#[20]">&gt;&gt;</a>&nbsp;&nbsp;&nbsp;W4_OFF
<LI><a href="#[22]">&gt;&gt;</a>&nbsp;&nbsp;&nbsp;W1_OFF
<LI><a href="#[2f]">&gt;&gt;</a>&nbsp;&nbsp;&nbsp;SHOW9
<LI><a href="#[2e]">&gt;&gt;</a>&nbsp;&nbsp;&nbsp;SHOW8
<LI><a href="#[2d]">&gt;&gt;</a>&nbsp;&nbsp;&nbsp;SHOW7
<LI><a href="#[2c]">&gt;&gt;</a>&nbsp;&nbsp;&nbsp;SHOW6
<LI><a href="#[2b]">&gt;&gt;</a>&nbsp;&nbsp;&nbsp;SHOW5
<LI><a href="#[2a]">&gt;&gt;</a>&nbsp;&nbsp;&nbsp;SHOW4
<LI><a href="#[29]">&gt;&gt;</a>&nbsp;&nbsp;&nbsp;SHOW3
<LI><a href="#[28]">&gt;&gt;</a>&nbsp;&nbsp;&nbsp;SHOW2
<LI><a href="#[27]">&gt;&gt;</a>&nbsp;&nbsp;&nbsp;SHOW1
<LI><a href="#[26]">&gt;&gt;</a>&nbsp;&nbsp;&nbsp;SHOW0
<LI><a href="#[31]">&gt;&gt;</a>&nbsp;&nbsp;&nbsp;DP_ON
</UL>

<P><STRONG><a name="[b]"></a>RESET_AN</STRONG> (Thumb, 22 bytes, Stack size 0 bytes, startup.o(MY_CODE))
<BR><BR>[Called By]<UL><LI><a href="#[25]">&gt;&gt;</a>&nbsp;&nbsp;&nbsp;W4_ON
<LI><a href="#[1d]">&gt;&gt;</a>&nbsp;&nbsp;&nbsp;W1_ON
<LI><a href="#[2f]">&gt;&gt;</a>&nbsp;&nbsp;&nbsp;SHOW9
<LI><a href="#[2d]">&gt;&gt;</a>&nbsp;&nbsp;&nbsp;SHOW7
<LI><a href="#[2b]">&gt;&gt;</a>&nbsp;&nbsp;&nbsp;SHOW5
<LI><a href="#[2a]">&gt;&gt;</a>&nbsp;&nbsp;&nbsp;SHOW4
<LI><a href="#[29]">&gt;&gt;</a>&nbsp;&nbsp;&nbsp;SHOW3
<LI><a href="#[28]">&gt;&gt;</a>&nbsp;&nbsp;&nbsp;SHOW2
<LI><a href="#[27]">&gt;&gt;</a>&nbsp;&nbsp;&nbsp;SHOW1
<LI><a href="#[26]">&gt;&gt;</a>&nbsp;&nbsp;&nbsp;SHOW0
<LI><a href="#[21]">&gt;&gt;</a>&nbsp;&nbsp;&nbsp;DP_OFF
</UL>

<P><STRONG><a name="[c]"></a>SET_BN</STRONG> (Thumb, 22 bytes, Stack size 0 bytes, startup.o(MY_CODE))
<BR><BR>[Called By]<UL><LI><a href="#[12]">&gt;&gt;</a>&nbsp;&nbsp;&nbsp;TRIG_H
<LI><a href="#[1f]">&gt;&gt;</a>&nbsp;&nbsp;&nbsp;W3_OFF
<LI><a href="#[1e]">&gt;&gt;</a>&nbsp;&nbsp;&nbsp;W2_OFF
<LI><a href="#[2f]">&gt;&gt;</a>&nbsp;&nbsp;&nbsp;SHOW9
<LI><a href="#[2e]">&gt;&gt;</a>&nbsp;&nbsp;&nbsp;SHOW8
<LI><a href="#[2d]">&gt;&gt;</a>&nbsp;&nbsp;&nbsp;SHOW7
<LI><a href="#[2c]">&gt;&gt;</a>&nbsp;&nbsp;&nbsp;SHOW6
<LI><a href="#[2b]">&gt;&gt;</a>&nbsp;&nbsp;&nbsp;SHOW5
<LI><a href="#[2a]">&gt;&gt;</a>&nbsp;&nbsp;&nbsp;SHOW4
<LI><a href="#[29]">&gt;&gt;</a>&nbsp;&nbsp;&nbsp;SHOW3
<LI><a href="#[28]">&gt;&gt;</a>&nbsp;&nbsp;&nbsp;SHOW2
<LI><a href="#[27]">&gt;&gt;</a>&nbsp;&nbsp;&nbsp;SHOW1
<LI><a href="#[26]">&gt;&gt;</a>&nbsp;&nbsp;&nbsp;SHOW0
</UL>

<P><STRONG><a name="[d]"></a>RESET_BN</STRONG> (Thumb, 22 bytes, Stack size 0 bytes, startup.o(MY_CODE))
<BR><BR>[Called By]<UL><LI><a href="#[13]">&gt;&gt;</a>&nbsp;&nbsp;&nbsp;TRIG_L
<LI><a href="#[24]">&gt;&gt;</a>&nbsp;&nbsp;&nbsp;W3_ON
<LI><a href="#[23]">&gt;&gt;</a>&nbsp;&nbsp;&nbsp;W2_ON
<LI><a href="#[2d]">&gt;&gt;</a>&nbsp;&nbsp;&nbsp;SHOW7
<LI><a href="#[2c]">&gt;&gt;</a>&nbsp;&nbsp;&nbsp;SHOW6
<LI><a href="#[2b]">&gt;&gt;</a>&nbsp;&nbsp;&nbsp;SHOW5
<LI><a href="#[2a]">&gt;&gt;</a>&nbsp;&nbsp;&nbsp;SHOW4
<LI><a href="#[29]">&gt;&gt;</a>&nbsp;&nbsp;&nbsp;SHOW3
<LI><a href="#[28]">&gt;&gt;</a>&nbsp;&nbsp;&nbsp;SHOW2
<LI><a href="#[27]">&gt;&gt;</a>&nbsp;&nbsp;&nbsp;SHOW1
</UL>

<P><STRONG><a name="[e]"></a>SET_CN</STRONG> (Thumb, 22 bytes, Stack size 0 bytes, startup.o(MY_CODE), UNUSED, KEPT)

<P><STRONG><a name="[f]"></a>RESET_CN</STRONG> (Thumb, 22 bytes, Stack size 0 bytes, startup.o(MY_CODE), UNUSED, KEPT)

<P><STRONG><a name="[10]"></a>TURN_CN</STRONG> (Thumb, 22 bytes, Stack size 0 bytes, startup.o(MY_CODE))
<BR><BR>[Called By]<UL><LI><a href="#[11]">&gt;&gt;</a>&nbsp;&nbsp;&nbsp;TURN_LED
</UL>

<P><STRONG><a name="[11]"></a>TURN_LED</STRONG> (Thumb, 12 bytes, Stack size 0 bytes, startup.o(MY_CODE))
<BR><BR>[Calls]<UL><LI><a href="#[10]">&gt;&gt;</a>&nbsp;&nbsp;&nbsp;TURN_CN
</UL>
<BR>[Called By]<UL><LI><a href="#[2]">&gt;&gt;</a>&nbsp;&nbsp;&nbsp;Reset_Handler
</UL>

<P><STRONG><a name="[12]"></a>TRIG_H</STRONG> (Thumb, 12 bytes, Stack size 0 bytes, startup.o(MY_CODE))
<BR><BR>[Calls]<UL><LI><a href="#[c]">&gt;&gt;</a>&nbsp;&nbsp;&nbsp;SET_BN
</UL>
<BR>[Called By]<UL><LI><a href="#[2]">&gt;&gt;</a>&nbsp;&nbsp;&nbsp;Reset_Handler
</UL>

<P><STRONG><a name="[13]"></a>TRIG_L</STRONG> (Thumb, 12 bytes, Stack size 0 bytes, startup.o(MY_CODE))
<BR><BR>[Calls]<UL><LI><a href="#[d]">&gt;&gt;</a>&nbsp;&nbsp;&nbsp;RESET_BN
</UL>
<BR>[Called By]<UL><LI><a href="#[2]">&gt;&gt;</a>&nbsp;&nbsp;&nbsp;Reset_Handler
</UL>

<P><STRONG><a name="[14]"></a>ECHO</STRONG> (Thumb, 12 bytes, Stack size 0 bytes, startup.o(MY_CODE))
<BR><BR>[Calls]<UL><LI><a href="#[3]">&gt;&gt;</a>&nbsp;&nbsp;&nbsp;READ_BN
</UL>
<BR>[Called By]<UL><LI><a href="#[2]">&gt;&gt;</a>&nbsp;&nbsp;&nbsp;Reset_Handler
</UL>

<P><STRONG><a name="[18]"></a>TIM2_CFG</STRONG> (Thumb, 64 bytes, Stack size 0 bytes, proc.o(MY_CODE))
<BR><BR>[Called By]<UL><LI><a href="#[2]">&gt;&gt;</a>&nbsp;&nbsp;&nbsp;Reset_Handler
</UL>

<P><STRONG><a name="[19]"></a>TIM3_CFG</STRONG> (Thumb, 32 bytes, Stack size 0 bytes, proc.o(MY_CODE))
<BR><BR>[Called By]<UL><LI><a href="#[2]">&gt;&gt;</a>&nbsp;&nbsp;&nbsp;Reset_Handler
</UL>

<P><STRONG><a name="[1]"></a>TIM2_IRQHandler</STRONG> (Thumb, 274 bytes, Stack size 0 bytes, proc.o(MY_CODE))
<BR><BR>[Calls]<UL><LI><a href="#[30]">&gt;&gt;</a>&nbsp;&nbsp;&nbsp;IWDG_FEED
<LI><a href="#[25]">&gt;&gt;</a>&nbsp;&nbsp;&nbsp;W4_ON
<LI><a href="#[20]">&gt;&gt;</a>&nbsp;&nbsp;&nbsp;W4_OFF
<LI><a href="#[24]">&gt;&gt;</a>&nbsp;&nbsp;&nbsp;W3_ON
<LI><a href="#[1f]">&gt;&gt;</a>&nbsp;&nbsp;&nbsp;W3_OFF
<LI><a href="#[23]">&gt;&gt;</a>&nbsp;&nbsp;&nbsp;W2_ON
<LI><a href="#[1e]">&gt;&gt;</a>&nbsp;&nbsp;&nbsp;W2_OFF
<LI><a href="#[1d]">&gt;&gt;</a>&nbsp;&nbsp;&nbsp;W1_ON
<LI><a href="#[22]">&gt;&gt;</a>&nbsp;&nbsp;&nbsp;W1_OFF
<LI><a href="#[2f]">&gt;&gt;</a>&nbsp;&nbsp;&nbsp;SHOW9
<LI><a href="#[2e]">&gt;&gt;</a>&nbsp;&nbsp;&nbsp;SHOW8
<LI><a href="#[2d]">&gt;&gt;</a>&nbsp;&nbsp;&nbsp;SHOW7
<LI><a href="#[2c]">&gt;&gt;</a>&nbsp;&nbsp;&nbsp;SHOW6
<LI><a href="#[2b]">&gt;&gt;</a>&nbsp;&nbsp;&nbsp;SHOW5
<LI><a href="#[2a]">&gt;&gt;</a>&nbsp;&nbsp;&nbsp;SHOW4
<LI><a href="#[29]">&gt;&gt;</a>&nbsp;&nbsp;&nbsp;SHOW3
<LI><a href="#[28]">&gt;&gt;</a>&nbsp;&nbsp;&nbsp;SHOW2
<LI><a href="#[27]">&gt;&gt;</a>&nbsp;&nbsp;&nbsp;SHOW1
<LI><a href="#[26]">&gt;&gt;</a>&nbsp;&nbsp;&nbsp;SHOW0
<LI><a href="#[21]">&gt;&gt;</a>&nbsp;&nbsp;&nbsp;DP_OFF
</UL>
<BR>[Address Reference Count : 1]<UL><LI> startup.o(MY_DATA)
</UL>
<P><STRONG><a name="[17]"></a>IO_CFG</STRONG> (Thumb, 90 bytes, Stack size 0 bytes, proc.o(MY_CODE))
<BR><BR>[Called By]<UL><LI><a href="#[2]">&gt;&gt;</a>&nbsp;&nbsp;&nbsp;Reset_Handler
</UL>

<P><STRONG><a name="[26]"></a>SHOW0</STRONG> (Thumb, 60 bytes, Stack size 0 bytes, seg.o(MY_CODE))
<BR><BR>[Calls]<UL><LI><a href="#[c]">&gt;&gt;</a>&nbsp;&nbsp;&nbsp;SET_BN
<LI><a href="#[b]">&gt;&gt;</a>&nbsp;&nbsp;&nbsp;RESET_AN
<LI><a href="#[a]">&gt;&gt;</a>&nbsp;&nbsp;&nbsp;SET_AN
</UL>
<BR>[Called By]<UL><LI><a href="#[1]">&gt;&gt;</a>&nbsp;&nbsp;&nbsp;TIM2_IRQHandler
</UL>

<P><STRONG><a name="[27]"></a>SHOW1</STRONG> (Thumb, 60 bytes, Stack size 0 bytes, seg.o(MY_CODE))
<BR><BR>[Calls]<UL><LI><a href="#[d]">&gt;&gt;</a>&nbsp;&nbsp;&nbsp;RESET_BN
<LI><a href="#[c]">&gt;&gt;</a>&nbsp;&nbsp;&nbsp;SET_BN
<LI><a href="#[b]">&gt;&gt;</a>&nbsp;&nbsp;&nbsp;RESET_AN
<LI><a href="#[a]">&gt;&gt;</a>&nbsp;&nbsp;&nbsp;SET_AN
</UL>
<BR>[Called By]<UL><LI><a href="#[1]">&gt;&gt;</a>&nbsp;&nbsp;&nbsp;TIM2_IRQHandler
</UL>

<P><STRONG><a name="[28]"></a>SHOW2</STRONG> (Thumb, 60 bytes, Stack size 0 bytes, seg.o(MY_CODE))
<BR><BR>[Calls]<UL><LI><a href="#[d]">&gt;&gt;</a>&nbsp;&nbsp;&nbsp;RESET_BN
<LI><a href="#[c]">&gt;&gt;</a>&nbsp;&nbsp;&nbsp;SET_BN
<LI><a href="#[b]">&gt;&gt;</a>&nbsp;&nbsp;&nbsp;RESET_AN
<LI><a href="#[a]">&gt;&gt;</a>&nbsp;&nbsp;&nbsp;SET_AN
</UL>
<BR>[Called By]<UL><LI><a href="#[1]">&gt;&gt;</a>&nbsp;&nbsp;&nbsp;TIM2_IRQHandler
</UL>

<P><STRONG><a name="[29]"></a>SHOW3</STRONG> (Thumb, 60 bytes, Stack size 0 bytes, seg.o(MY_CODE))
<BR><BR>[Calls]<UL><LI><a href="#[d]">&gt;&gt;</a>&nbsp;&nbsp;&nbsp;RESET_BN
<LI><a href="#[c]">&gt;&gt;</a>&nbsp;&nbsp;&nbsp;SET_BN
<LI><a href="#[b]">&gt;&gt;</a>&nbsp;&nbsp;&nbsp;RESET_AN
<LI><a href="#[a]">&gt;&gt;</a>&nbsp;&nbsp;&nbsp;SET_AN
</UL>
<BR>[Called By]<UL><LI><a href="#[1]">&gt;&gt;</a>&nbsp;&nbsp;&nbsp;TIM2_IRQHandler
</UL>

<P><STRONG><a name="[2a]"></a>SHOW4</STRONG> (Thumb, 60 bytes, Stack size 0 bytes, seg.o(MY_CODE))
<BR><BR>[Calls]<UL><LI><a href="#[d]">&gt;&gt;</a>&nbsp;&nbsp;&nbsp;RESET_BN
<LI><a href="#[c]">&gt;&gt;</a>&nbsp;&nbsp;&nbsp;SET_BN
<LI><a href="#[b]">&gt;&gt;</a>&nbsp;&nbsp;&nbsp;RESET_AN
<LI><a href="#[a]">&gt;&gt;</a>&nbsp;&nbsp;&nbsp;SET_AN
</UL>
<BR>[Called By]<UL><LI><a href="#[1]">&gt;&gt;</a>&nbsp;&nbsp;&nbsp;TIM2_IRQHandler
</UL>

<P><STRONG><a name="[2b]"></a>SHOW5</STRONG> (Thumb, 60 bytes, Stack size 0 bytes, seg.o(MY_CODE))
<BR><BR>[Calls]<UL><LI><a href="#[d]">&gt;&gt;</a>&nbsp;&nbsp;&nbsp;RESET_BN
<LI><a href="#[c]">&gt;&gt;</a>&nbsp;&nbsp;&nbsp;SET_BN
<LI><a href="#[b]">&gt;&gt;</a>&nbsp;&nbsp;&nbsp;RESET_AN
<LI><a href="#[a]">&gt;&gt;</a>&nbsp;&nbsp;&nbsp;SET_AN
</UL>
<BR>[Called By]<UL><LI><a href="#[1]">&gt;&gt;</a>&nbsp;&nbsp;&nbsp;TIM2_IRQHandler
</UL>

<P><STRONG><a name="[2c]"></a>SHOW6</STRONG> (Thumb, 60 bytes, Stack size 0 bytes, seg.o(MY_CODE))
<BR><BR>[Calls]<UL><LI><a href="#[d]">&gt;&gt;</a>&nbsp;&nbsp;&nbsp;RESET_BN
<LI><a href="#[c]">&gt;&gt;</a>&nbsp;&nbsp;&nbsp;SET_BN
<LI><a href="#[a]">&gt;&gt;</a>&nbsp;&nbsp;&nbsp;SET_AN
</UL>
<BR>[Called By]<UL><LI><a href="#[1]">&gt;&gt;</a>&nbsp;&nbsp;&nbsp;TIM2_IRQHandler
</UL>

<P><STRONG><a name="[2d]"></a>SHOW7</STRONG> (Thumb, 60 bytes, Stack size 0 bytes, seg.o(MY_CODE))
<BR><BR>[Calls]<UL><LI><a href="#[d]">&gt;&gt;</a>&nbsp;&nbsp;&nbsp;RESET_BN
<LI><a href="#[c]">&gt;&gt;</a>&nbsp;&nbsp;&nbsp;SET_BN
<LI><a href="#[b]">&gt;&gt;</a>&nbsp;&nbsp;&nbsp;RESET_AN
<LI><a href="#[a]">&gt;&gt;</a>&nbsp;&nbsp;&nbsp;SET_AN
</UL>
<BR>[Called By]<UL><LI><a href="#[1]">&gt;&gt;</a>&nbsp;&nbsp;&nbsp;TIM2_IRQHandler
</UL>

<P><STRONG><a name="[2e]"></a>SHOW8</STRONG> (Thumb, 60 bytes, Stack size 0 bytes, seg.o(MY_CODE))
<BR><BR>[Calls]<UL><LI><a href="#[c]">&gt;&gt;</a>&nbsp;&nbsp;&nbsp;SET_BN
<LI><a href="#[a]">&gt;&gt;</a>&nbsp;&nbsp;&nbsp;SET_AN
</UL>
<BR>[Called By]<UL><LI><a href="#[1]">&gt;&gt;</a>&nbsp;&nbsp;&nbsp;TIM2_IRQHandler
</UL>

<P><STRONG><a name="[2f]"></a>SHOW9</STRONG> (Thumb, 60 bytes, Stack size 0 bytes, seg.o(MY_CODE))
<BR><BR>[Calls]<UL><LI><a href="#[c]">&gt;&gt;</a>&nbsp;&nbsp;&nbsp;SET_BN
<LI><a href="#[b]">&gt;&gt;</a>&nbsp;&nbsp;&nbsp;RESET_AN
<LI><a href="#[a]">&gt;&gt;</a>&nbsp;&nbsp;&nbsp;SET_AN
</UL>
<BR>[Called By]<UL><LI><a href="#[1]">&gt;&gt;</a>&nbsp;&nbsp;&nbsp;TIM2_IRQHandler
</UL>

<P><STRONG><a name="[1d]"></a>W1_ON</STRONG> (Thumb, 12 bytes, Stack size 0 bytes, seg.o(MY_CODE))
<BR><BR>[Calls]<UL><LI><a href="#[b]">&gt;&gt;</a>&nbsp;&nbsp;&nbsp;RESET_AN
</UL>
<BR>[Called By]<UL><LI><a href="#[1]">&gt;&gt;</a>&nbsp;&nbsp;&nbsp;TIM2_IRQHandler
</UL>

<P><STRONG><a name="[22]"></a>W1_OFF</STRONG> (Thumb, 12 bytes, Stack size 0 bytes, seg.o(MY_CODE))
<BR><BR>[Calls]<UL><LI><a href="#[a]">&gt;&gt;</a>&nbsp;&nbsp;&nbsp;SET_AN
</UL>
<BR>[Called By]<UL><LI><a href="#[1]">&gt;&gt;</a>&nbsp;&nbsp;&nbsp;TIM2_IRQHandler
</UL>

<P><STRONG><a name="[23]"></a>W2_ON</STRONG> (Thumb, 12 bytes, Stack size 0 bytes, seg.o(MY_CODE))
<BR><BR>[Calls]<UL><LI><a href="#[d]">&gt;&gt;</a>&nbsp;&nbsp;&nbsp;RESET_BN
</UL>
<BR>[Called By]<UL><LI><a href="#[1]">&gt;&gt;</a>&nbsp;&nbsp;&nbsp;TIM2_IRQHandler
</UL>

<P><STRONG><a name="[1e]"></a>W2_OFF</STRONG> (Thumb, 12 bytes, Stack size 0 bytes, seg.o(MY_CODE))
<BR><BR>[Calls]<UL><LI><a href="#[c]">&gt;&gt;</a>&nbsp;&nbsp;&nbsp;SET_BN
</UL>
<BR>[Called By]<UL><LI><a href="#[1]">&gt;&gt;</a>&nbsp;&nbsp;&nbsp;TIM2_IRQHandler
</UL>

<P><STRONG><a name="[24]"></a>W3_ON</STRONG> (Thumb, 12 bytes, Stack size 0 bytes, seg.o(MY_CODE))
<BR><BR>[Calls]<UL><LI><a href="#[d]">&gt;&gt;</a>&nbsp;&nbsp;&nbsp;RESET_BN
</UL>
<BR>[Called By]<UL><LI><a href="#[1]">&gt;&gt;</a>&nbsp;&nbsp;&nbsp;TIM2_IRQHandler
</UL>

<P><STRONG><a name="[1f]"></a>W3_OFF</STRONG> (Thumb, 12 bytes, Stack size 0 bytes, seg.o(MY_CODE))
<BR><BR>[Calls]<UL><LI><a href="#[c]">&gt;&gt;</a>&nbsp;&nbsp;&nbsp;SET_BN
</UL>
<BR>[Called By]<UL><LI><a href="#[1]">&gt;&gt;</a>&nbsp;&nbsp;&nbsp;TIM2_IRQHandler
</UL>

<P><STRONG><a name="[25]"></a>W4_ON</STRONG> (Thumb, 12 bytes, Stack size 0 bytes, seg.o(MY_CODE))
<BR><BR>[Calls]<UL><LI><a href="#[b]">&gt;&gt;</a>&nbsp;&nbsp;&nbsp;RESET_AN
</UL>
<BR>[Called By]<UL><LI><a href="#[1]">&gt;&gt;</a>&nbsp;&nbsp;&nbsp;TIM2_IRQHandler
</UL>

<P><STRONG><a name="[20]"></a>W4_OFF</STRONG> (Thumb, 12 bytes, Stack size 0 bytes, seg.o(MY_CODE))
<BR><BR>[Calls]<UL><LI><a href="#[a]">&gt;&gt;</a>&nbsp;&nbsp;&nbsp;SET_AN
</UL>
<BR>[Called By]<UL><LI><a href="#[1]">&gt;&gt;</a>&nbsp;&nbsp;&nbsp;TIM2_IRQHandler
</UL>

<P><STRONG><a name="[21]"></a>DP_OFF</STRONG> (Thumb, 12 bytes, Stack size 0 bytes, seg.o(MY_CODE))
<BR><BR>[Calls]<UL><LI><a href="#[b]">&gt;&gt;</a>&nbsp;&nbsp;&nbsp;RESET_AN
</UL>
<BR>[Called By]<UL><LI><a href="#[1]">&gt;&gt;</a>&nbsp;&nbsp;&nbsp;TIM2_IRQHandler
</UL>

<P><STRONG><a name="[31]"></a>DP_ON</STRONG> (Thumb, 12 bytes, Stack size 0 bytes, seg.o(MY_CODE), UNUSED)
<BR><BR>[Calls]<UL><LI><a href="#[a]">&gt;&gt;</a>&nbsp;&nbsp;&nbsp;SET_AN
</UL>

<P><STRONG><a name="[15]"></a>RCC_CFG</STRONG> (Thumb, 174 bytes, Stack size 0 bytes, clk.o(MY_CODE))
<BR><BR>[Called By]<UL><LI><a href="#[2]">&gt;&gt;</a>&nbsp;&nbsp;&nbsp;Reset_Handler
</UL>

<P><STRONG><a name="[16]"></a>CLK_CFG</STRONG> (Thumb, 38 bytes, Stack size 0 bytes, clk.o(MY_CODE))
<BR><BR>[Called By]<UL><LI><a href="#[2]">&gt;&gt;</a>&nbsp;&nbsp;&nbsp;Reset_Handler
</UL>

<P><STRONG><a name="[1a]"></a>SYSTICK_CLK_SOURCE</STRONG> (Thumb, 12 bytes, Stack size 0 bytes, clk.o(MY_CODE))
<BR><BR>[Called By]<UL><LI><a href="#[2]">&gt;&gt;</a>&nbsp;&nbsp;&nbsp;Reset_Handler
</UL>

<P><STRONG><a name="[1b]"></a>IWDG_CFG</STRONG> (Thumb, 32 bytes, Stack size 0 bytes, clk.o(MY_CODE))
<BR><BR>[Called By]<UL><LI><a href="#[2]">&gt;&gt;</a>&nbsp;&nbsp;&nbsp;Reset_Handler
</UL>

<P><STRONG><a name="[30]"></a>IWDG_FEED</STRONG> (Thumb, 10 bytes, Stack size 0 bytes, clk.o(MY_CODE))
<BR><BR>[Called By]<UL><LI><a href="#[1]">&gt;&gt;</a>&nbsp;&nbsp;&nbsp;TIM2_IRQHandler
</UL>

<P><STRONG><a name="[1c]"></a>cal_dis</STRONG> (Thumb, 50 bytes, Stack size 40 bytes, cal.o(i.cal_dis))
<BR><BR>[Stack]<UL><LI>Max Depth = 72<LI>Call Chain = cal_dis &rArr; __aeabi_dmul
</UL>
<BR>[Calls]<UL><LI><a href="#[34]">&gt;&gt;</a>&nbsp;&nbsp;&nbsp;__aeabi_dmul
<LI><a href="#[32]">&gt;&gt;</a>&nbsp;&nbsp;&nbsp;__aeabi_i2d
<LI><a href="#[35]">&gt;&gt;</a>&nbsp;&nbsp;&nbsp;__aeabi_d2iz
<LI><a href="#[33]">&gt;&gt;</a>&nbsp;&nbsp;&nbsp;__aeabi_ddiv
</UL>
<BR>[Called By]<UL><LI><a href="#[2]">&gt;&gt;</a>&nbsp;&nbsp;&nbsp;Reset_Handler
</UL>

<P><STRONG><a name="[33]"></a>__aeabi_ddiv</STRONG> (Thumb, 0 bytes, Stack size 32 bytes, ddiv.o(x$fpl$ddiv))
<BR><BR>[Stack]<UL><LI>Max Depth = 32<LI>Call Chain = __aeabi_ddiv
</UL>
<BR>[Called By]<UL><LI><a href="#[1c]">&gt;&gt;</a>&nbsp;&nbsp;&nbsp;cal_dis
</UL>

<P><STRONG><a name="[36]"></a>_ddiv</STRONG> (Thumb, 552 bytes, Stack size 32 bytes, ddiv.o(x$fpl$ddiv), UNUSED)
<BR><BR>[Calls]<UL><LI><a href="#[37]">&gt;&gt;</a>&nbsp;&nbsp;&nbsp;__fpl_dretinf
<LI><a href="#[38]">&gt;&gt;</a>&nbsp;&nbsp;&nbsp;__fpl_dnaninf
</UL>

<P><STRONG><a name="[35]"></a>__aeabi_d2iz</STRONG> (Thumb, 0 bytes, Stack size 32 bytes, dfix.o(x$fpl$dfix))
<BR><BR>[Stack]<UL><LI>Max Depth = 32<LI>Call Chain = __aeabi_d2iz
</UL>
<BR>[Called By]<UL><LI><a href="#[1c]">&gt;&gt;</a>&nbsp;&nbsp;&nbsp;cal_dis
</UL>

<P><STRONG><a name="[39]"></a>_dfix</STRONG> (Thumb, 94 bytes, Stack size 32 bytes, dfix.o(x$fpl$dfix), UNUSED)
<BR><BR>[Calls]<UL><LI><a href="#[38]">&gt;&gt;</a>&nbsp;&nbsp;&nbsp;__fpl_dnaninf
</UL>

<P><STRONG><a name="[32]"></a>__aeabi_i2d</STRONG> (Thumb, 0 bytes, Stack size 0 bytes, dflt_clz.o(x$fpl$dflt))
<BR><BR>[Called By]<UL><LI><a href="#[1c]">&gt;&gt;</a>&nbsp;&nbsp;&nbsp;cal_dis
</UL>

<P><STRONG><a name="[3b]"></a>_dflt</STRONG> (Thumb, 46 bytes, Stack size 0 bytes, dflt_clz.o(x$fpl$dflt), UNUSED)

<P><STRONG><a name="[34]"></a>__aeabi_dmul</STRONG> (Thumb, 0 bytes, Stack size 32 bytes, dmul.o(x$fpl$dmul))
<BR><BR>[Stack]<UL><LI>Max Depth = 32<LI>Call Chain = __aeabi_dmul
</UL>
<BR>[Called By]<UL><LI><a href="#[1c]">&gt;&gt;</a>&nbsp;&nbsp;&nbsp;cal_dis
</UL>

<P><STRONG><a name="[3a]"></a>_dmul</STRONG> (Thumb, 332 bytes, Stack size 32 bytes, dmul.o(x$fpl$dmul), UNUSED)
<BR><BR>[Calls]<UL><LI><a href="#[37]">&gt;&gt;</a>&nbsp;&nbsp;&nbsp;__fpl_dretinf
<LI><a href="#[38]">&gt;&gt;</a>&nbsp;&nbsp;&nbsp;__fpl_dnaninf
</UL>

<P><STRONG><a name="[38]"></a>__fpl_dnaninf</STRONG> (Thumb, 156 bytes, Stack size 16 bytes, dnaninf.o(x$fpl$dnaninf), UNUSED)
<BR><BR>[Called By]<UL><LI><a href="#[3a]">&gt;&gt;</a>&nbsp;&nbsp;&nbsp;_dmul
<LI><a href="#[39]">&gt;&gt;</a>&nbsp;&nbsp;&nbsp;_dfix
<LI><a href="#[36]">&gt;&gt;</a>&nbsp;&nbsp;&nbsp;_ddiv
</UL>

<P><STRONG><a name="[37]"></a>__fpl_dretinf</STRONG> (Thumb, 12 bytes, Stack size 0 bytes, dretinf.o(x$fpl$dretinf), UNUSED)
<BR><BR>[Called By]<UL><LI><a href="#[3a]">&gt;&gt;</a>&nbsp;&nbsp;&nbsp;_dmul
<LI><a href="#[36]">&gt;&gt;</a>&nbsp;&nbsp;&nbsp;_ddiv
</UL>
<P>
<H3>
Local Symbols
</H3>
<P><STRONG><a name="[3]"></a>READ_BN</STRONG> (Thumb, 24 bytes, Stack size 0 bytes, startup.o(MY_CODE))
<BR><BR>[Called By]<UL><LI><a href="#[14]">&gt;&gt;</a>&nbsp;&nbsp;&nbsp;ECHO
</UL>
<P>
<H3>
Undefined Global Symbols
</H3><HR></body></html>
