<html>
<body>
<pre>
<h1>礦ision Build Log</h1>
<h2>Tool Versions:</h2>
IDE-Version: μVision V5.14.0.0
Copyright (C) 2015 ARM Ltd and ARM Germany GmbH. All rights reserved.
License Information: d ljw, d, LIC=MPPFW-Q82P5-AQL0M-X1K3A-CLL29-P8CGS
 
Tool Versions:
Toolchain:       MDK-ARM Standard  Version: 5.14.0.0
Toolchain Path:  D:\Keil_v5\ARM\ARMCC\Bin
C Compiler:      Armcc.exe V5.05 update 1 (build 106)
Assembler:       Armasm.exe V5.05 update 1 (build 106)
Linker/Locator:  ArmLink.exe V5.05 update 1 (build 106)
Library Manager: ArmAr.exe V5.05 update 1 (build 106)
Hex Converter:   FromElf.exe V5.05 update 1 (build 106)
CPU DLL:         SARMCM3.DLL V5.14.0.0
Dialog DLL:      DARMSTM.DLL V1.65.0.0
Target DLL:      STLink\ST-LINKIII-KEIL_SWO.dll V2.0.14.0_KEIL
Dialog DLL:      TARMSTM.DLL V1.64.0.0
 
<h2>Project:</h2>
E:\STM32p超声波测距传感器p数码管p原理图pARM汇编实现e实现9999毫米内的测距\cgq\ljw.uvprojx
Project File Date:  05/26/2018

<h2>Output:</h2>
Rebuild target 'Target 1'
assembling common.s...
assembling startup.s...
assembling proc.s...
assembling seg.s...
compiling cal.c...
assembling clk.s...
linking...
Program Size: Code=3640 RO-data=180 RW-data=0 ZI-data=0  
".\Objects\ljw.axf" - 0 Error(s), 0 Warning(s).

<h2>Collection of Component include folders:</h2>
  E:\STM32p超声波测距传感器p数码管p原理图pARM汇编实现e实现9999毫米内的测距\cgq\RTE
  D:\Keil_v5\ARM\PACK\Keil\STM32F1xx_DFP\2.2.0

<h2>Collection of Component Files used:</h2>
</pre>
</body>
</html>
